111 222 333

##############################################################################
# BEGIN MULTILINE SECTION
#
aaa bbb ccc
AAA BBB CCC
#
# END MULTILINE SECTION
##############################################################################

!!! @@@ ###
